­şğ¬ Running Aspect Ratio Logic Tests...

node.exe : 
At C:\Program Files\nodejs\npx.ps1:16 char:5
+     & "$basedir/node$exe"  "$basedir/node_modul
es/npm/bin/npx-cli.js" ...
+     ~~~~~~~~~~~~~~~~~~~~~~~~~~~~~~~~~~~~~~~~~~~
~~~~~~~~~~~~~~~~~~~~~~
    + CategoryInfo          : NotSpecified: (:St 
   ring) [], RemoteException
    + FullyQualifiedErrorId : NativeCommandError
 
ÔÜá´©Å Verification Failed. There is a logic erro
r in snapping.
­şôÅ Custom Size: 1480x716 (Ratio: 2.07) -> Snapped to: 16:9
Test #1: 1480x716
  Target Ratio: 2.07
  Expected: 16:9
  Got:      16:9
  Status:   Ô£à PASS
-----------------------------
­şôÅ Custom Size: 848x1246 (Ratio: 0.68) -> Snapped to: 3:4
Test #2: 848x1246
  Target Ratio: 0.68
  Expected: 9:16
  Got:      3:4
  Status:   ÔØî FAIL
-----------------------------
­şôÅ Custom Size: 1024x1024 (Ratio: 1.00) -> Snapped to: 1:1
Test #3: 1024x1024
  Target Ratio: 1.00
  Expected: 1:1
  Got:      1:1
  Status:   Ô£à PASS
-----------------------------
­şôÅ Custom Size: 1000x1200 (Ratio: 0.83) -> Snapped to: 3:4
Test #4: 1000x1200
  Target Ratio: 0.83
  Expected: 4:5
  Got:      3:4
  Status:   ÔØî FAIL
-----------------------------
­şôÅ Custom Size: 1200x1000 (Ratio: 1.20) -> Snapped to: 4:3
Test #5: 1200x1000
  Target Ratio: 1.20
  Expected: 4:3
  Got:      4:3
  Status:   Ô£à PASS
-----------------------------

Result: 3/5 Passed
